<html>
<body>
<pre>
<h1>µVision Build Log</h1>
<h2>Tool Versions:</h2>
IDE-Version: ¦ÌVision V5.39.0.0
Copyright (C) 2023 ARM Ltd and ARM Germany GmbH. All rights reserved.
License Information: liang zhirun, 1, LIC=65ISZ-JHDZY-SB4EJ-ULCZC-FX8RN-76UAM
 
Tool Versions:
Toolchain:       MDK-ARM Plus  Version: 5.39.0.0
Toolchain Path:  D:\keil5\ARM\ARMCC\Bin
C Compiler:      Armcc.exe V5.06 update 5 (build 528)
Assembler:       Armasm.exe V5.06 update 5 (build 528)
Linker/Locator:  ArmLink.exe V5.06 update 5 (build 528)
Library Manager: ArmAr.exe V5.06 update 5 (build 528)
Hex Converter:   FromElf.exe V5.06 update 5 (build 528)
CPU DLL:         SARMCM3.DLL V5.39.0.0
Dialog DLL:      DCM.DLL V1.17.5.0
Target DLL:      STLink\ST-LINKIII-KEIL_SWO.dll V3.2.0.0
Dialog DLL:      TCM.DLL V1.56.4.0
 
<h2>Project:</h2>
D:\MCU\STM32F427projects\newdog\MDK-ARM\1.uvprojx
Project File Date:  02/01/2026

<h2>Output:</h2>
*** Using Compiler 'V5.06 update 5 (build 528)', folder: 'D:\keil5\ARM\ARMCC\Bin'
Rebuild target '1'
assembling startup_stm32f427xx.s...
compiling math_utils.c...
compiling crc_ccitt.c...
compiling main.c...
../Core/Inc/motor.h(45): warning:  #1295-D: Deprecated declaration Motor_SendCmd_AllAngle - give arg types
  void Motor_SendCmd_AllAngle();
../Core/Inc/gait.h(31): warning:  #1295-D: Deprecated declaration motion_Jump - give arg types
  void motion_Jump();
../Core/Inc/gait.h(33): warning:  #1295-D: Deprecated declaration testCircle - give arg types
  void testCircle();
../Core/Inc/gait.h(34): warning:  #1295-D: Deprecated declaration testJump - give arg types
  void testJump();
../Core/Inc/kinematic.h(7): warning:  #1295-D: Deprecated declaration inverseKinematic_All - give arg types
  void inverseKinematic_All();
../Core/Src/main.c: 5 warnings, 0 errors
compiling stm32f4xx_hal_msp.c...
compiling dma.c...
compiling gait.c...
../Core/Inc/gait.h(31): warning:  #1295-D: Deprecated declaration motion_Jump - give arg types
  void motion_Jump();
../Core/Inc/gait.h(33): warning:  #1295-D: Deprecated declaration testCircle - give arg types
  void testCircle();
../Core/Inc/gait.h(34): warning:  #1295-D: Deprecated declaration testJump - give arg types
  void testJump();
../Core/Inc/motor.h(45): warning:  #1295-D: Deprecated declaration Motor_SendCmd_AllAngle - give arg types
  void Motor_SendCmd_AllAngle();
../Core/Inc/kinematic.h(7): warning:  #1295-D: Deprecated declaration inverseKinematic_All - give arg types
  void inverseKinematic_All();
..\Core\Src\gait.c: 5 warnings, 0 errors
compiling motor.c...
../Core/Inc/motor.h(45): warning:  #1295-D: Deprecated declaration Motor_SendCmd_AllAngle - give arg types
  void Motor_SendCmd_AllAngle();
../Core/Inc/gait.h(31): warning:  #1295-D: Deprecated declaration motion_Jump - give arg types
  void motion_Jump();
../Core/Inc/gait.h(33): warning:  #1295-D: Deprecated declaration testCircle - give arg types
  void testCircle();
../Core/Inc/gait.h(34): warning:  #1295-D: Deprecated declaration testJump - give arg types
  void testJump();
..\Core\Src\motor.c(92): warning:  #1035-D: single-precision operand implicitly converted to double-precision
      hmotor1.Theta_des = 
otor1_bias / 6.33f + 6.28 * hposition1.alpha / 360.0f;
..\Core\Src\motor.c(95): warning:  #1035-D: single-precision operand implicitly converted to double-precision
      hmotor2.Theta_des = 
otor2_bias / 6.33f + 6.28 * hposition1.beta / 360.0f;
..\Core\Src\motor.c(98): warning:  #1035-D: single-precision operand implicitly converted to double-precision
      hmotor3.Theta_des = 
otor3_bias / 6.33f + 6.28 * hposition2.alpha / 360.0f;
..\Core\Src\motor.c(101): warning:  #1035-D: single-precision operand implicitly converted to double-precision
      hmotor4.Theta_des = 
otor4_bias / 6.33f + 6.28 * hposition2.beta / 360.0f;
..\Core\Src\motor.c(104): warning:  #1035-D: single-precision operand implicitly converted to double-precision
      hmotor5.Theta_des = 
otor5_bias / 6.33f + 6.28 * -hposition3.alpha / 360.0f;
..\Core\Src\motor.c(107): warning:  #1035-D: single-precision operand implicitly converted to double-precision
      hmotor6.Theta_des = 
otor6_bias / 6.33f + 6.28 * -hposition3.beta / 360.0f;
..\Core\Src\motor.c(110): warning:  #1035-D: single-precision operand implicitly converted to double-precision
      hmotor7.Theta_des = 
otor7_bias / 6.33f + 6.28 * -hposition4.alpha / 360.0f;
..\Core\Src\motor.c(113): warning:  #1035-D: single-precision operand implicitly converted to double-precision
      hmotor8.Theta_des = 
otor8_bias / 6.33f + 6.28 * -hposition4.beta / 360.0f;
..\Core\Src\motor.c: 12 warnings, 0 errors
compiling stm32f4xx_hal_rcc.c...
compiling gpio.c...
compiling stm32f4xx_hal_uart.c...
compiling remote_control.c...
../Core/Inc/debug_uart.h(34): warning:  #1-D: last line of file ends without a newline
  #endif /* __DEBUG_UART_H */
..\Core\Src\remote_control.c: 1 warning, 0 errors
compiling stm32f4xx_it.c...
../Core/Src/stm32f4xx_it.c(229): warning:  #223-D: function "USART1_IRQHandlerCallBack" declared implicitly
  	USART1_IRQHandlerCallBack();
../Core/Src/stm32f4xx_it.c: 1 warning, 0 errors
compiling debug_uart.c...
../Core/Inc/debug_uart.h(34): warning:  #1-D: last line of file ends without a newline
  #endif /* __DEBUG_UART_H */
..\Core\Src\debug_uart.c(23): warning:  #1-D: last line of file ends without a newline
  }
..\Core\Src\debug_uart.c: 2 warnings, 0 errors
compiling bsp_rc.c...
compiling stm32f4xx_hal_flash.c...
compiling kinematic.c...
../Core/Inc/gait.h(31): warning:  #1295-D: Deprecated declaration motion_Jump - give arg types
  void motion_Jump();
../Core/Inc/gait.h(33): warning:  #1295-D: Deprecated declaration testCircle - give arg types
  void testCircle();
../Core/Inc/gait.h(34): warning:  #1295-D: Deprecated declaration testJump - give arg types
  void testJump();
../Core/Inc/kinematic.h(7): warning:  #1295-D: Deprecated declaration inverseKinematic_All - give arg types
  void inverseKinematic_All();
../Core/Inc/motor.h(45): warning:  #1295-D: Deprecated declaration Motor_SendCmd_AllAngle - give arg types
  void Motor_SendCmd_AllAngle();
..\Core\Src\kinematic.c(77): warning:  #1035-D: single-precision operand implicitly converted to double-precision
  	alpha1 = fmodf((alpha1 - 90.0), 360.0f);
..\Core\Src\kinematic.c(78): warning:  #1035-D: single-precision operand implicitly converted to double-precision
  	alpha2 = fmodf((alpha2 - 90.0), 360.0f);
..\Core\Src\kinematic.c(79): warning:  #1035-D: single-precision operand implicitly converted to double-precision
  	beta1 = fmodf((90.0 - beta1), 360.0f);
..\Core\Src\kinematic.c(80): warning:  #1035-D: single-precision operand implicitly converted to double-precision
  	beta2 = fmodf((90.0 - beta2), 360.0f);
..\Core\Src\kinematic.c: 9 warnings, 0 errors
compiling stm32f4xx_hal_gpio.c...
compiling stm32f4xx_hal_rcc_ex.c...
compiling stm32f4xx_hal_flash_ex.c...
compiling stm32f4xx_hal_flash_ramfunc.c...
compiling stm32f4xx_hal_dma.c...
compiling stm32f4xx_hal_pwr_ex.c...
compiling usart.c...
compiling stm32f4xx_hal_dma_ex.c...
compiling stm32f4xx_hal_pwr.c...
compiling stm32f4xx_hal_exti.c...
compiling system_stm32f4xx.c...
compiling stm32f4xx_hal.c...
compiling stm32f4xx_hal_cortex.c...
linking...
Program Size: Code=23076 RO-data=1324 RW-data=60 ZI-data=2620  
FromELF: creating hex file...
"1\1.axf" - 0 Error(s), 35 Warning(s).

<h2>Software Packages used:</h2>

Package Vendor: ARM
                http://www.keil.com/pack/ARM.CMSIS.5.9.0.pack
                ARM::CMSIS@5.9.0
                CMSIS (Common Microcontroller Software Interface Standard)
   * Component: CORE Version: 5.6.0

Package Vendor: Keil
                https://www.keil.com/pack/Keil.STM32F4xx_DFP.3.1.1.pack
                Keil::STM32F4xx_DFP@3.1.1
                STMicroelectronics STM32F4 Series Device Support

<h2>Collection of Component include folders:</h2>
  ./RTE/_1
  D:/keil5/ARM/PACK/ARM/CMSIS/5.9.0/CMSIS/Core/Include

<h2>Collection of Component Files used:</h2>

   * Component: ARM::CMSIS:CORE@5.6.0
      Include file:  CMSIS/Core/Include/tz_context.h
Build Time Elapsed:  00:00:33
</pre>
</body>
</html>
