<html>
<body>
<pre>
<h1>�Vision Build Log</h1>
<h2>Tool Versions:</h2>
IDE-Version: ��Vision V5.37.0.0
Copyright (C) 2022 ARM Ltd and ARM Germany GmbH. All rights reserved.
License Information: 1 Loong, 1, LIC=76F5U-SACG5-45ZT5-GS7IJ-WRZ7L-PTXC4
 
Tool Versions:
Toolchain:       MDK-ARM Plus  Version: 5.37.0.0
Toolchain Path:  D:\STM32\oldmax\core\ARM\ARMCC\Bin
C Compiler:      Armcc.exe V5.06 update 5 (build 528)
Assembler:       Armasm.exe V5.06 update 5 (build 528)
Linker/Locator:  ArmLink.exe V5.06 update 5 (build 528)
Library Manager: ArmAr.exe V5.06 update 5 (build 528)
Hex Converter:   FromElf.exe V5.06 update 5 (build 528)
CPU DLL:         SARMCM3.DLL V5.37.0.0
Dialog DLL:      DCM.DLL V1.17.5.0
Target DLL:      CMSIS_AGDI.dll V1.33.12.0
Dialog DLL:      TCM.DLL V1.56.1.0
 
<h2>Project:</h2>
C:\Users\Loong\Desktop\��е��\MDK-ARM\1.uvprojx
Project File Date:  07/13/2026

<h2>Output:</h2>
*** Using Compiler 'V5.06 update 5 (build 528)', folder: 'D:\STM32\oldmax\core\ARM\ARMCC\Bin'
Build target '1'
compiling dma.c...
compiling usart.c...
compiling gait.c...
../Core/Inc/gait.h(70): warning:  #1295-D: Deprecated declaration Init_turn_omega_des - give arg types
  void Init_turn_omega_des();
..\Core\Src\gait.c(914): warning:  #550-D: variable "temp"  was set but never used
      uint8_t temp = 0;
..\Core\Src\gait.c(846): warning:  #177-D: variable "front_skip_Pitch"  was declared but never referenced
      float front_skip_Pitch = 100.0f; // 前空翻时身体前倾的角度
..\Core\Src\gait.c(848): warning:  #177-D: variable "skip_Height"  was declared but never referenced
      float skip_Height = 35.0f; // 前空翻时蹬地的高�?
..\Core\Src\gait.c(851): warning:  #177-D: variable "front_support_angle_max"  was declared but never referenced
  	float front_support_angle_max = 60.0f; // 前脚蹬地的最大角�?
..\Core\Src\gait.c(875): warning:  #177-D: variable "start_h2_alpha2"  was declared but never referenced
      float start_h2_alpha2 = hposition2.alpha; // 后推蹬地的坐标（3�?17）对应的角度  
..\Core\Src\gait.c(876): warning:  #177-D: variable "start_h2_beta2"  was declared but never referenced
      float start_h2_beta2 = hposition2.beta;
..\Core\Src\gait.c(877): warning:  #177-D: variable "start_h3_alpha2"  was declared but never referenced
      float start_h3_alpha2 = hposition3.alpha;
..\Core\Src\gait.c(878): warning:  #177-D: variable "start_h3_beta2"  was declared but never referenced
      float start_h3_beta2 = hposition3.beta;
..\Core\Src\gait.c(890): warning:  #177-D: variable "start_h1_alpha3"  was declared but never referenced
      float start_h1_alpha3 = hposition1.alpha;
..\Core\Src\gait.c(891): warning:  #177-D: variable "start_h1_beta3"  was declared but never referenced
      float start_h1_beta3 = hposition1.beta;
..\Core\Src\gait.c(892): warning:  #177-D: variable "start_h2_alpha3"  was declared but never referenced
      float start_h2_alpha3 = hposition2.alpha;
..\Core\Src\gait.c(893): warning:  #177-D: variable "start_h2_beta3"  was declared but never referenced
      float start_h2_beta3 = hposition2.beta;
..\Core\Src\gait.c(894): warning:  #177-D: variable "start_h3_alpha3"  was declared but never referenced
      float start_h3_alpha3 = hposition3.alpha;
..\Core\Src\gait.c(895): warning:  #177-D: variable "start_h3_beta3"  was declared but never referenced
      float start_h3_beta3 = hposition3.beta;
..\Core\Src\gait.c(896): warning:  #177-D: variable "start_h4_alpha3"  was declared but never referenced
      float start_h4_alpha3 = hposition4.alpha;
..\Core\Src\gait.c(897): warning:  #177-D: variable "start_h4_beta3"  was declared but never referenced
      float start_h4_beta3 = hposition4.beta;
..\Core\Src\gait.c: 17 warnings, 0 errors
compiling motor.c...
../Core/Inc/gait.h(70): warning:  #1295-D: Deprecated declaration Init_turn_omega_des - give arg types
  void Init_turn_omega_des();
..\Core\Src\motor.c(188): warning:  #550-D: variable "success"  was set but never used
          uint8_t success = 0;
..\Core\Src\motor.c: 2 warnings, 0 errors
compiling motor_feedback.c...
compiling can.c...
compiling stm32f4xx_it.c...
../Core/Inc/motor_4310.h(51): warning:  #1-D: last line of file ends without a newline
  #endif // __MOTOR_4310_H
../Core/Inc/robot_arm_control.h(73): warning:  #1-D: last line of file ends without a newline
   
../Core/Src/stm32f4xx_it.c: 2 warnings, 0 errors
compiling usart_demo.c...
../Core/Inc/gait.h(70): warning:  #1295-D: Deprecated declaration Init_turn_omega_des - give arg types
  void Init_turn_omega_des();
..\Core\Src\usart_demo.c(64): warning:  #550-D: variable "last_rx_tick"  was set but never used
  static uint32_t last_rx_tick = 0;
..\Core\Src\usart_demo.c: 2 warnings, 0 errors
compiling motor_4310.c...
../Core/Inc/motor_4310.h(51): warning:  #1-D: last line of file ends without a newline
  #endif // __MOTOR_4310_H
..\Core\Src\motor_4310.c(216): warning:  #177-D: variable "motor_id"  was declared but never referenced
      uint8_t motor_id = (rx_data[0]) & 0x0F;
..\Core\Src\motor_4310.c(218): warning:  #177-D: variable "motor_state"  was declared but never referenced
      uint8_t motor_state = (rx_data[0]) >> 4;
..\Core\Src\motor_4310.c: 3 warnings, 0 errors
compiling robot_arm_control.c...
../Core/Inc/motor_4310.h(51): warning:  #1-D: last line of file ends without a newline
  #endif // __MOTOR_4310_H
../Core/Inc/robot_arm_control.h(73): warning:  #1-D: last line of file ends without a newline
   
../Core/Inc/motor.h(8): warning:  #47-D: incompatible redefinition of macro "PI"  (declared at line 9 of "../Core/Inc/robot_arm_control.h")
  #define PI                      3.14159f
../Core/Inc/gait.h(70): warning:  #1295-D: Deprecated declaration Init_turn_omega_des - give arg types
  void Init_turn_omega_des();
..\Core\Src\robot_arm_control.c(27): warning:  #550-D: variable "currentX"  was set but never used
  static float currentX = 0.0f;
..\Core\Src\robot_arm_control.c(28): warning:  #550-D: variable "currentY"  was set but never used
  static float currentY = 0.0f;
..\Core\Src\robot_arm_control.c(29): warning:  #550-D: variable "currentZ"  was set but never used
  static float currentZ = L1 + L2 + L3 +12.8f;
..\Core\Src\robot_arm_control.c: 7 warnings, 0 errors
compiling tim.c...
../Core/Inc/gait.h(70): warning:  #1295-D: Deprecated declaration Init_turn_omega_des - give arg types
  void Init_turn_omega_des();
../Core/Src/tim.c(455): warning:  #1035-D: single-precision operand implicitly converted to double-precision
  			turn_omega_des-=0.1*rcData.R_x;
../Core/Src/tim.c: 2 warnings, 0 errors
compiling main.c...
../Core/Inc/gait.h(70): warning:  #1295-D: Deprecated declaration Init_turn_omega_des - give arg types
  void Init_turn_omega_des();
../Core/Inc/motor_4310.h(51): warning:  #1-D: last line of file ends without a newline
  #endif // __MOTOR_4310_H
../Core/Inc/robot_arm_control.h(9): warning:  #47-D: incompatible redefinition of macro "PI"  (declared at line 8 of "../Core/Inc/motor.h")
   #define PI 3.1415926535f
../Core/Inc/robot_arm_control.h(73): warning:  #1-D: last line of file ends without a newline
   
../Core/Src/main.c(367): warning:  #128-D: loop is not reachable
  	while(1){
../Core/Src/main.c(716): warning:  #111-D: statement is unreachable
  	if (rcData.sw5 == 0xFCE0){ emergency_stop = 1;} // 侧翻急停关闭�?
../Core/Src/main.c(215): warning:  #177-D: variable "GyroZ_filtered"  was declared but never referenced
  float GyroZ_filtered = 0.0f;
../Core/Src/main.c(217): warning:  #177-D: variable "alpha"  was declared but never referenced
  float alpha = 0.008f;
../Core/Src/main.c: 8 warnings, 0 errors
compiling imu.c...
compiling kinematic.c...
../Core/Inc/gait.h(70): warning:  #1295-D: Deprecated declaration Init_turn_omega_des - give arg types
  void Init_turn_omega_des();
..\Core\Src\kinematic.c(245): warning:  #1-D: last line of file ends without a newline
  }
..\Core\Src\kinematic.c: 2 warnings, 0 errors
linking...
Program Size: Code=26740 RO-data=1548 RW-data=488 ZI-data=5000  
FromELF: creating hex file...
"1\1.axf" - 0 Error(s), 45 Warning(s).

<h2>Software Packages used:</h2>

Package Vendor: ARM
                http://www.keil.com/pack/ARM.CMSIS.5.9.0.pack
                ARM.CMSIS.5.9.0
                CMSIS (Common Microcontroller Software Interface Standard)
   * Component: CORE Version: 5.6.0

Package Vendor: Keil
                https://www.keil.com/pack/Keil.STM32F4xx_DFP.3.1.1.pack
                Keil.STM32F4xx_DFP.3.1.1
                STMicroelectronics STM32F4 Series Device Support

<h2>Collection of Component include folders:</h2>
  ./RTE/_1
  D:/STM32/oldmax/pack/ARM/CMSIS/5.9.0/CMSIS/Core/Include

<h2>Collection of Component Files used:</h2>

   * Component: ARM::CMSIS:CORE:5.6.0
      Include file:  CMSIS/Core/Include/tz_context.h
Build Time Elapsed:  00:00:05
</pre>
</body>
</html>
