<html>
<body>
<pre>
<h1>�Vision Build Log</h1>
<h2>Tool Versions:</h2>
IDE-Version: ��Vision V5.25.3.0
Copyright (C) 2018 ARM Ltd and ARM Germany GmbH. All rights reserved.
License Information: 1 hfz lao, 1, LIC=NQQMA-1I1F2-Y8SFK-ZNMAP-HHEE9-FX8G5
 
Tool Versions:
Toolchain:       MDK-ARM Plus  Version: 5.24.1
Toolchain Path:  D:\keil5\ARM\ARMCC\Bin
C Compiler:      Armcc.exe V5.06 update 5 (build 528)
Assembler:       Armasm.exe V5.06 update 5 (build 528)
Linker/Locator:  ArmLink.exe V5.06 update 5 (build 528)
Library Manager: ArmAr.exe V5.06 update 5 (build 528)
Hex Converter:   FromElf.exe V5.06 update 5 (build 528)
CPU DLL:         SARMCM3.DLL V5.39.0.0
Dialog DLL:      DCM.DLL V1.17.5.0
Target DLL:      Segger\JL2CM3.dll V2.99.43.0
Dialog DLL:      TCM.DLL V1.56.4.0
 
<h2>Project:</h2>
C:\Users\hfz lao\Desktop\newdogtow\newdog\MDK-ARM\1.uvprojx
Project File Date:  04/06/2026

<h2>Output:</h2>
*** Using Compiler 'V5.06 update 5 (build 528)', folder: 'D:\keil5\ARM\ARMCC\Bin'
Build target '1'
compiling main.c...
../Core/Inc/motor.h(55): warning:  #1295-D: Deprecated declaration Motor_SendCmd_AllAngle - give arg types
  void Motor_SendCmd_AllAngle();
../Core/Inc/motor.h(56): warning:  #1295-D: Deprecated declaration Motor_InitBias - give arg types
  void Motor_InitBias();
../Core/Inc/gait.h(28): warning:  #1295-D: Deprecated declaration motion_Jump - give arg types
  void motion_Jump();
../Core/Inc/gait.h(30): warning:  #1295-D: Deprecated declaration flip_body - give arg types
  void flip_body();
../Core/Inc/gait.h(33): warning:  #1295-D: Deprecated declaration testCircle - give arg types
  void testCircle();
../Core/Inc/kinematic.h(7): warning:  #1295-D: Deprecated declaration inverseKinematic_All - give arg types
  void inverseKinematic_All();
../Core/Src/main.c: 6 warnings, 0 errors
linking...
Program Size: Code=30208 RO-data=1872 RW-data=188 ZI-data=2420  
FromELF: creating hex file...
"1\1.axf" - 0 Error(s), 6 Warning(s).

<h2>Software Packages used:</h2>

Package Vendor: ARM
                http://www.keil.com/pack/ARM.CMSIS.5.0.1.pack
                ARM.CMSIS.5.0.1
                CMSIS (Cortex Microcontroller Software Interface Standard)
   * Component: CORE Version: 5.0.1

Package Vendor: Keil
                https://www.keil.com/pack/Keil.STM32F4xx_DFP.2.17.0.pack
                Keil.STM32F4xx_DFP.2.17.0
                STMicroelectronics STM32F4 Series Device Support, Drivers and Examples

<h2>Collection of Component include folders:</h2>
  .\RTE\_1
  D:\keil5\ARM\PACK\ARM\CMSIS\5.0.1\CMSIS\Include
  D:\keil5\ARM\PACK\Keil\STM32F4xx_DFP\2.17.0\Drivers\CMSIS\Device\ST\STM32F4xx\Include

<h2>Collection of Component Files used:</h2>

   * Component: ARM::CMSIS:CORE@5.6.0
      Include file:  CMSIS/Core/Include/tz_context.h
Build Time Elapsed:  00:00:01
</pre>
</body>
</html>
